✔ 함정 5: workflows/ 아래 에이전트도 센다 (0.538041ms)
✔ 함정 4: subagents/ 아래 jsonl 은 세션이 아니다 (0.171709ms)
✔ 함정 1: fork 는 모델 명시 분모에서 빠진다 (1.156792ms)
✔ 잡무 축은 runner 만 본다 (0.147583ms)
✔ 시작 시각은 전사 첫 줄에서 온다 (0.061625ms)
✔ 함정 2: 병렬 호출은 dispatchId 로 묶인다 (0.0535ms)
✔ 디스패치에서 빠지는 것은 fork 가 아니라 toolUseId 가 없는 것이다 (0.042417ms)
✔ 세션은 cwd 로 저장소에 잇는다. 슬러그를 되돌리지 않는다 (1.002084ms)
✔ 디렉터리를 옮긴 세션은 거쳐온 곳을 다 기억한다 (1.336292ms)
✔ hook_additional_context 는 실패가 아니다 (1.445875ms)
✔ 사람이 거부한 것도 잡힌다 (0.636333ms)
✔ 메인 세션이 쓴 모델을 센다 — <synthetic> 은 걸러진다 (0.559083ms)
✔ 서브에이전트 토큰은 부모 세션 앞으로 달린다 (0.519875ms)
✔ 위임률은 캐시를 빼고 잰다 (0.138958ms)
✔ 캐시 적중률은 다시 읽은 몫만 센다 (0.094875ms)
✔ 함정 3: 자식 전사의 복사본이 갈래를 부풀리지 않는다 (0.326666ms)
✔ 서브에이전트 전사의 훅도 그 세션 것으로 센다 (1.06325ms)
✔ 두 번 불러도 훅이 이중으로 안 쌓인다 (1.604375ms)
✔ 함정 A: 한 턴의 usage 는 줄마다 복사된다. 마지막 줄만 센다 (0.502542ms)
✔ 함정 B: 같은 message.id 가 파일 경계를 넘어 겹치면 한 번만 센다 (0.580083ms)
✔ 함정 C: <synthetic> 줄은 API 호출이 아니라 usage 에서 뺀다 (0.452833ms)
✔ 서브에이전트에서 막힌 도구도 그 세션 차단으로 센다 (0.84525ms)
✔ 위임 행에 서브에이전트 토큰이 붙는다 (1.686333ms)
✔ bash-input: 사용자가 타이핑한 명령을 수집하고 에이전트가 같은 명령을 실행했는지 표시한다 (0.321917ms)
ℹ tests 24
ℹ suites 0
ℹ pass 24
ℹ fail 0
ℹ cancelled 0
ℹ skipped 0
ℹ todo 0
ℹ duration_ms 69.196625
